// Jest Snapshot v1, https://goo.gl/fbAQLP

exports[`should render AlgorithmPage 1`] = `
<div>
  AlgorithmPage
</div>
`;
