// Jest Snapshot v1, https://goo.gl/fbAQLP

exports[`should render GridCell correctly 1`] = `
<div
  className="grid-cell "
/>
`;
